warning: Git tree '/home/mccarnon/Nixos-Configuration' is dirty
warning: ignoring untrusted flake configuration setting 'extra-substituters'.
Pass '--accept-flake-config' to trust it
warning: ignoring untrusted flake configuration setting 'extra-trusted-public-keys'.
Pass '--accept-flake-config' to trust it
these 32 derivations will be built:
  /nix/store/31q712qfyf5j8zg0444j06bxbkr19z78-1dbd7cb4-53bc-4857-a5b0-5955c8acaf71_9081931e7d664429a93ffda0db41b7545b7ac257.cab.drv
  /nix/store/f5aznqx1mhlryqwgqz35jgrqw7h9677v-aeff215c-3bc4-4d36-a3ea-e14bfa8fa9d2_e58550c4f74a27e51e5cb6868b10ff633fa77164.cab.drv
  /nix/store/sfkdl3jpw541h6s20pkiy3ppp80ksc1m-2ea9591b-f751-442c-80ce-8f4692cdc67b_6b555a3a288153cf04aec6e03cba360afe2fce34.cab.drv
  /nix/store/0mr022rm40gc92yaflz48dd385vadsm1-xone-dongle-firmware-0-unstable-2025-12-18.drv
  /nix/store/19gl0r2hz4y91pm5g6n5f2blryl2q9x6-etc-fstab.drv
  /nix/store/5k2pgazy5rx5d57j1v11an1w4cj3qh4r-linux-config-6.18.48.drv
  /nix/store/gbb59qklkxflcvgjkm7sisagk92w8x55-55-nixos-aslr-entropy.conf.drv
  /nix/store/s8msvfas9ic6i21wgagbsnjs52a21n2a-b43-firmware-6.30.163.46.drv
  /nix/store/23kfzrjavxxpznb3sad7fpav6w4iks9v-b43-firmware-6.30.163.46-zstd.drv
  /nix/store/2lw8hgjprxcxf72dr60p88pfc4bvg0yv-xone-dongle-firmware-0-unstable-2025-12-18-zstd.drv
  /nix/store/r1i2pckqwvv0fv05a3fc4zfy5x9v85wn-b43-firmware-5.100.138.drv
  /nix/store/8m37gbwcrici6ssl5q9ncv603ids7b5m-b43-firmware-5.100.138-zstd.drv
  /nix/store/hk1gdf6xrgm91jm3fz4rj5j0p1c81q19-facetimehd-calibration-5.1.5769.drv
  /nix/store/bi4570qlmy9ss8qwvxc7fjj1w738nb3s-facetimehd-calibration-5.1.5769-zstd.drv
  /nix/store/h8vsib6j36y68dsa762wabavgp8viw4k-unpack.drv
  /nix/store/nbwh5phx71ga70sgfrbm5064gwkhqh2h-facetimehd-firmware-1.43_5.drv
  /nix/store/gpxxw8n6xq6sg29x7yydbnbki3sc1389-facetimehd-firmware-1.43_5-zstd.drv
  /nix/store/ymbdvz1blaiz6pli65l5afvcplmnjvij-broadcom-bt-firmware-12.0.1.1012-zstd.drv
  /nix/store/mbgwc5g6bx5kwlvh6908h71iwy4aa4jq-firmware.drv
  /nix/store/pyjcvp459bbdwsjlzzlx4sg376gy7p6s-etc-modprobe.d-firmware.conf.drv
  /nix/store/1kiz0cm2skv3dyxipm8fbxlxwsimd67k-etc.drv
  /nix/store/5s99i088vcs3ar2rdiy8j7dpdng9k6my-linux-6.18.48.drv
  /nix/store/fjw4921xl78dbn7xha1dnnxwqi83a9b0-linux-6.18.48-modules.drv
  /nix/store/91kl1i0cda7mmmjn3hb1jzpfpchvn7pl-linux-6.18.48-modules-shrunk.drv
  /nix/store/lab6qk8wfdbfpsxp3lwpswk6m58d5303-initrd-fstab.drv
  /nix/store/i5chwy5sjncb6m5j7q8vr400k2mv4kvs-initrd-system.conf.drv
  /nix/store/75dan6is5x0r77b7sh8dg4m3q9spn29k-unit-initrd-parse-etc.service.drv
  /nix/store/qccd7qsm4zifmz3zj1qw7lvcx27g6bda-initrd-units.drv
  /nix/store/zv3a3mad05y8z4v064cimya4m0f7aywj-initrd-linux-6.18.48.drv
  /nix/store/63mm1vndbzbr2qfkxsayvvfbjyw2xcwi-boot.json.drv
  /nix/store/anib1dhykdyijbhd9xcqya2s8ngidfpj-activate.drv
  /nix/store/y0jvxdazvb91x86fqg3g6g6w0a0dvd98-nixos-system-loliconOS-26.11.20260831.34ab990.drv
these 12 paths will be fetched (28.2 MiB download, 42.0 MiB unpacked):
  /nix/store/4p9p41lxq342cf8nyxs0wmmg5zbgpayz-1cd6a87c-623f-4407-a52d-c31be49e925c_e19f60808bdcbfbd3c3df6be3e71ffc52e43261e.cab
  /nix/store/4l6pqyl0x5k2rjynijd6qxzfd91mn5fx-OSXUpd10.11.5.dmg
  /nix/store/yn58cm7b3r27j72m14k684yf0b6pcqhq-b43-fwcutter-019
  /nix/store/i26dklr4c6zq1mpic9bzxm2l4nn81059-broadcom-bt-firmware-12.0.1.1012
  /nix/store/i7r2nrdcvl76gv7x0kdsxzly5i4frkz1-broadcom-wl-5.100.138.tar.bz2
  /nix/store/pngz4vhqy1nnkzk2vnpyxf09bchv4z36-broadcom-wl-6.30.163.46.tar.bz2
  /nix/store/rvv68zm81c578q1rd04shp17yjwilcnk-cabextract-1.11
  /nix/store/b2d0qfn11b605dzi5ix8wx8ak8iy4n0c-gnustep-base-1.29.0-lib
  /nix/store/lr9h14mpkjaymcj0f9lvmdr5ldhbg5kk-gnustep-libobjc-2.3
  /nix/store/cmwlsjf9gc59h2bdiyqnq2zkfsnyf5nc-gnustep-make-2.9.3
  /nix/store/hh2vhjcjg2hb6gl8qavwdlq1mcx0j359-unar-1.10.8
  /nix/store/s9ly1xqw23129k6qbkqhscy66w9blz3q-unrar-wrapper-1.0.0
copying path '/nix/store/i26dklr4c6zq1mpic9bzxm2l4nn81059-broadcom-bt-firmware-12.0.1.1012' from 'https://cache.nixos.org'...
building '/nix/store/19gl0r2hz4y91pm5g6n5f2blryl2q9x6-etc-fstab.drv'...
building '/nix/store/lab6qk8wfdbfpsxp3lwpswk6m58d5303-initrd-fstab.drv'...
copying path '/nix/store/4p9p41lxq342cf8nyxs0wmmg5zbgpayz-1cd6a87c-623f-4407-a52d-c31be49e925c_e19f60808bdcbfbd3c3df6be3e71ffc52e43261e.cab' from 'https://cache.nixos.org'...
copying path '/nix/store/4l6pqyl0x5k2rjynijd6qxzfd91mn5fx-OSXUpd10.11.5.dmg' from 'https://cache.nixos.org'...
copying path '/nix/store/i7r2nrdcvl76gv7x0kdsxzly5i4frkz1-broadcom-wl-5.100.138.tar.bz2' from 'https://cache.nixos.org'...
copying path '/nix/store/pngz4vhqy1nnkzk2vnpyxf09bchv4z36-broadcom-wl-6.30.163.46.tar.bz2' from 'https://cache.nixos.org'...
building '/nix/store/5k2pgazy5rx5d57j1v11an1w4cj3qh4r-linux-config-6.18.48.drv'...
copying path '/nix/store/yn58cm7b3r27j72m14k684yf0b6pcqhq-b43-fwcutter-019' from 'https://cache.nixos.org'...
copying path '/nix/store/rvv68zm81c578q1rd04shp17yjwilcnk-cabextract-1.11' from 'https://cache.nixos.org'...
copying path '/nix/store/lr9h14mpkjaymcj0f9lvmdr5ldhbg5kk-gnustep-libobjc-2.3' from 'https://cache.nixos.org'...
copying path '/nix/store/cmwlsjf9gc59h2bdiyqnq2zkfsnyf5nc-gnustep-make-2.9.3' from 'https://cache.nixos.org'...
building '/nix/store/h8vsib6j36y68dsa762wabavgp8viw4k-unpack.drv'...
building '/nix/store/31q712qfyf5j8zg0444j06bxbkr19z78-1dbd7cb4-53bc-4857-a5b0-5955c8acaf71_9081931e7d664429a93ffda0db41b7545b7ac257.cab.drv'...
building '/nix/store/sfkdl3jpw541h6s20pkiy3ppp80ksc1m-2ea9591b-f751-442c-80ce-8f4692cdc67b_6b555a3a288153cf04aec6e03cba360afe2fce34.cab.drv'...
building '/nix/store/f5aznqx1mhlryqwgqz35jgrqw7h9677v-aeff215c-3bc4-4d36-a3ea-e14bfa8fa9d2_e58550c4f74a27e51e5cb6868b10ff633fa77164.cab.drv'...
building '/nix/store/i5chwy5sjncb6m5j7q8vr400k2mv4kvs-initrd-system.conf.drv'...
building '/nix/store/75dan6is5x0r77b7sh8dg4m3q9spn29k-unit-initrd-parse-etc.service.drv'...
building '/nix/store/qccd7qsm4zifmz3zj1qw7lvcx27g6bda-initrd-units.drv'...
building '/nix/store/ymbdvz1blaiz6pli65l5afvcplmnjvij-broadcom-bt-firmware-12.0.1.1012-zstd.drv'...
copying path '/nix/store/b2d0qfn11b605dzi5ix8wx8ak8iy4n0c-gnustep-base-1.29.0-lib' from 'https://cache.nixos.org'...
building '/nix/store/nbwh5phx71ga70sgfrbm5064gwkhqh2h-facetimehd-firmware-1.43_5.drv'...
building '/nix/store/s8msvfas9ic6i21wgagbsnjs52a21n2a-b43-firmware-6.30.163.46.drv'...
building '/nix/store/r1i2pckqwvv0fv05a3fc4zfy5x9v85wn-b43-firmware-5.100.138.drv'...
building '/nix/store/0mr022rm40gc92yaflz48dd385vadsm1-xone-dongle-firmware-0-unstable-2025-12-18.drv'...
copying path '/nix/store/hh2vhjcjg2hb6gl8qavwdlq1mcx0j359-unar-1.10.8' from 'https://cache.nixos.org'...
building '/nix/store/2lw8hgjprxcxf72dr60p88pfc4bvg0yv-xone-dongle-firmware-0-unstable-2025-12-18-zstd.drv'...
copying path '/nix/store/s9ly1xqw23129k6qbkqhscy66w9blz3q-unrar-wrapper-1.0.0' from 'https://cache.nixos.org'...
building '/nix/store/23kfzrjavxxpznb3sad7fpav6w4iks9v-b43-firmware-6.30.163.46-zstd.drv'...
building '/nix/store/hk1gdf6xrgm91jm3fz4rj5j0p1c81q19-facetimehd-calibration-5.1.5769.drv'...
building '/nix/store/gpxxw8n6xq6sg29x7yydbnbki3sc1389-facetimehd-firmware-1.43_5-zstd.drv'...
building '/nix/store/bi4570qlmy9ss8qwvxc7fjj1w738nb3s-facetimehd-calibration-5.1.5769-zstd.drv'...
building '/nix/store/8m37gbwcrici6ssl5q9ncv603ids7b5m-b43-firmware-5.100.138-zstd.drv'...
building '/nix/store/mbgwc5g6bx5kwlvh6908h71iwy4aa4jq-firmware.drv'...
building '/nix/store/pyjcvp459bbdwsjlzzlx4sg376gy7p6s-etc-modprobe.d-firmware.conf.drv'...
